hoijnljj;jjlj